{
  "version": "1.5.0",
  "plugins_used": [
    {
      "name": "ArtifactoryDetector"
    },
    {
      "name": "AWSKeyDetector"
    },
    {
      "name": "AzureStorageKeyDetector"
    },
    {
      "name": "Base64HighEntropyString",
      "limit": 4.5
    },
    {
      "name": "BasicAuthDetector"
    },
    {
      "name": "CloudantDetector"
    },
    {
      "name": "DiscordBotTokenDetector"
    },
    {
      "name": "GitHubTokenDetector"
    },
    {
      "name": "GitLabTokenDetector"
    },
    {
      "name": "HexHighEntropyString",
      "limit": 3.0
    },
    {
      "name": "IbmCloudIamDetector"
    },
    {
      "name": "IbmCosHmacDetector"
    },
    {
      "name": "IPPublicDetector"
    },
    {
      "name": "JwtTokenDetector"
    },
    {
      "name": "KeywordDetector",
      "keyword_exclude": ""
    },
    {
      "name": "MailchimpDetector"
    },
    {
      "name": "NpmDetector"
    },
    {
      "name": "OpenAIDetector"
    },
    {
      "name": "PrivateKeyDetector"
    },
    {
      "name": "PypiTokenDetector"
    },
    {
      "name": "SendGridDetector"
    },
    {
      "name": "SlackDetector"
    },
    {
      "name": "SoftlayerDetector"
    },
    {
      "name": "SquareOAuthDetector"
    },
    {
      "name": "StripeDetector"
    },
    {
      "name": "TelegramBotTokenDetector"
    },
    {
      "name": "TwilioKeyDetector"
    }
  ],
  "filters_used": [
    {
      "path": "detect_secrets.filters.allowlist.is_line_allowlisted"
    },
    {
      "path": "detect_secrets.filters.common.is_ignored_due_to_verification_policies",
      "min_level": 2
    },
    {
      "path": "detect_secrets.filters.heuristic.is_indirect_reference"
    },
    {
      "path": "detect_secrets.filters.heuristic.is_likely_id_string"
    },
    {
      "path": "detect_secrets.filters.heuristic.is_lock_file"
    },
    {
      "path": "detect_secrets.filters.heuristic.is_not_alphanumeric_string"
    },
    {
      "path": "detect_secrets.filters.heuristic.is_potential_uuid"
    },
    {
      "path": "detect_secrets.filters.heuristic.is_prefixed_with_dollar_sign"
    },
    {
      "path": "detect_secrets.filters.heuristic.is_sequential_string"
    },
    {
      "path": "detect_secrets.filters.heuristic.is_swagger_file"
    },
    {
      "path": "detect_secrets.filters.heuristic.is_templated_secret"
    },
    {
      "path": "detect_secrets.filters.regex.should_exclude_file",
      "pattern": [
        "\\.venv/|(^|/)\\.git/|(^|/)__pycache__/|(^|/)Data/|(^|/)evals/reports/|(^|/)\\.(mypy|ruff|pytest)_cache/|^\\.env$"
      ]
    }
  ],
  "results": {
    "infra/pyproject.toml": [
      {
        "type": "Secret Keyword",
        "filename": "infra/pyproject.toml",
        "hashed_secret": "5b5927f50bacca6902c8a4d232b07ce698c66b7a",
        "is_verified": false,
        "line_number": 94,
        "is_secret": false
      }
    ],
    "knowledge_store/README.md": [
      {
        "type": "Secret Keyword",
        "filename": "knowledge_store/README.md",
        "hashed_secret": "edcca6734d790c664da7b8ef1303eb1afb671942",
        "is_verified": false,
        "line_number": 67,
        "is_secret": false
      }
    ],
    "tests/api/document_worker/conftest.py": [
      {
        "type": "Secret Keyword",
        "filename": "tests/api/document_worker/conftest.py",
        "hashed_secret": "3056e803643aefb77effae3c319d51f561e58547",
        "is_verified": false,
        "line_number": 25,
        "is_secret": false
      }
    ],
    "tests/api/redirect_service/test_health_version.py": [
      {
        "type": "Hex High Entropy String",
        "filename": "tests/api/redirect_service/test_health_version.py",
        "hashed_secret": "71e6451ec62776057a355cba708a135319c6b000",
        "is_verified": false,
        "line_number": 38,
        "is_secret": false
      }
    ],
    "tests/api/text_agent/conftest.py": [
      {
        "type": "Secret Keyword",
        "filename": "tests/api/text_agent/conftest.py",
        "hashed_secret": "446e074273cf645209504a352300a9178ca1515a",
        "is_verified": false,
        "line_number": 21,
        "is_secret": false
      }
    ],
    "tests/api/user_service/conftest.py": [
      {
        "type": "Secret Keyword",
        "filename": "tests/api/user_service/conftest.py",
        "hashed_secret": "de01804b4a9d7215f44a28a5892309525a7864ee",
        "is_verified": false,
        "line_number": 47,
        "is_secret": false
      },
      {
        "type": "Secret Keyword",
        "filename": "tests/api/user_service/conftest.py",
        "hashed_secret": "628a5f540360820bbe802324a0498ec547e362b7",
        "is_verified": false,
        "line_number": 612,
        "is_secret": false
      },
      {
        "type": "Secret Keyword",
        "filename": "tests/api/user_service/conftest.py",
        "hashed_secret": "67cf3048e52d3f35989025b4cb61ce3543833903",
        "is_verified": false,
        "line_number": 616,
        "is_secret": false
      }
    ],
    "tests/api/whatsapp_adapter/conftest.py": [
      {
        "type": "Secret Keyword",
        "filename": "tests/api/whatsapp_adapter/conftest.py",
        "hashed_secret": "e36723e71ddab51d8ba7998c06969ae2739dcd66",
        "is_verified": false,
        "line_number": 36,
        "is_secret": false
      },
      {
        "type": "Secret Keyword",
        "filename": "tests/api/whatsapp_adapter/conftest.py",
        "hashed_secret": "2ce5cda804d3f7640af06274075689a0a61b86a0",
        "is_verified": false,
        "line_number": 37,
        "is_secret": false
      }
    ],
    "tests/e2e/servers.py": [
      {
        "type": "Secret Keyword",
        "filename": "tests/e2e/servers.py",
        "hashed_secret": "628a5f540360820bbe802324a0498ec547e362b7",
        "is_verified": false,
        "line_number": 167,
        "is_secret": false
      },
      {
        "type": "Secret Keyword",
        "filename": "tests/e2e/servers.py",
        "hashed_secret": "67cf3048e52d3f35989025b4cb61ce3543833903",
        "is_verified": false,
        "line_number": 171,
        "is_secret": false
      },
      {
        "type": "Secret Keyword",
        "filename": "tests/e2e/servers.py",
        "hashed_secret": "ffec12a9e3947d98b8dc55ad29dab74db25141d6",
        "is_verified": false,
        "line_number": 253,
        "is_secret": false
      }
    ],
    "tests/e2e/test_webhook_signature.py": [
      {
        "type": "Secret Keyword",
        "filename": "tests/e2e/test_webhook_signature.py",
        "hashed_secret": "58f97ff221fb78c52797fa9a7bb27c9e049773d6",
        "is_verified": false,
        "line_number": 54,
        "is_secret": false
      }
    ],
    "tests/integration/conftest.py": [
      {
        "type": "Secret Keyword",
        "filename": "tests/integration/conftest.py",
        "hashed_secret": "628a5f540360820bbe802324a0498ec547e362b7",
        "is_verified": false,
        "line_number": 214,
        "is_secret": false
      },
      {
        "type": "Secret Keyword",
        "filename": "tests/integration/conftest.py",
        "hashed_secret": "67cf3048e52d3f35989025b4cb61ce3543833903",
        "is_verified": false,
        "line_number": 218,
        "is_secret": false
      }
    ],
    "tests/unit/user_service/factories.py": [
      {
        "type": "Base64 High Entropy String",
        "filename": "tests/unit/user_service/factories.py",
        "hashed_secret": "b12777e444071d12a60802428f90ecfc46bd40a8",
        "is_verified": false,
        "line_number": 52,
        "is_secret": false
      },
      {
        "type": "Secret Keyword",
        "filename": "tests/unit/user_service/factories.py",
        "hashed_secret": "911245b101f06d8071da6e1742a42ef6c22a9a00",
        "is_verified": false,
        "line_number": 55,
        "is_secret": false
      }
    ],
    "user_service/app/src/constants.py": [
      {
        "type": "Base64 High Entropy String",
        "filename": "user_service/app/src/constants.py",
        "hashed_secret": "b12777e444071d12a60802428f90ecfc46bd40a8",
        "is_verified": false,
        "line_number": 41,
        "is_secret": false
      }
    ]
  },
  "generated_at": "2026-09-04T10:41:18Z"
}